[2026-07-22T08:28:50+0800] checkpoint-start total_singles=124 durable_singles=0 rubric_hash=46b3d7fe022f0ce17207dc822c2a8abbe309b2bf3308c1f0853b49cd8afc3c36
[2026-07-22T08:29:15+0800] checkpointed index=1/124 durable_singles=1 candidate=case-elife-25730-figure1-panelf-19b70c561c57 status=accepted
[2026-07-22T08:29:30+0800] checkpointed index=2/124 durable_singles=2 candidate=case-elife-25730-figure1-panelg-1d99b9aaf28d status=accepted
[2026-07-22T08:29:44+0800] checkpointed index=3/124 durable_singles=3 candidate=case-elife-25730-figure1-panelh-559dd5d60c4b status=accepted
[2026-07-22T08:29:56+0800] checkpointed index=4/124 durable_singles=4 candidate=case-elife-25730-figure1-paneli-4af98603888f status=accepted
[2026-07-22T08:30:10+0800] checkpointed index=5/124 durable_singles=5 candidate=case-elife-25730-figure1-panell-a5e155441b79 status=rejected
[2026-07-22T08:30:31+0800] checkpointed index=6/124 durable_singles=6 candidate=case-elife-29854-figure10-paneld-e2f9bae1bbe9 status=rejected
[2026-07-22T08:30:45+0800] checkpointed index=7/124 durable_singles=7 candidate=case-elife-29854-figure10-panelh-a0f5b9b64eff status=rejected
[2026-07-22T08:31:01+0800] checkpointed index=8/124 durable_singles=8 candidate=case-elife-29854-figure10-paneli-753e03703f99 status=rejected
[2026-07-22T08:31:28+0800] checkpointed index=9/124 durable_singles=9 candidate=case-elife-29854-figure10-panelj-3d8fde941332 status=rejected
[2026-07-22T08:31:45+0800] checkpointed index=10/124 durable_singles=10 candidate=case-elife-29854-figure10-panelk-6bd6be061a85 status=rejected
[2026-07-22T08:31:57+0800] checkpointed index=11/124 durable_singles=11 candidate=case-elife-29854-figure10-panell-ad7c02be8282 status=rejected
[2026-07-22T08:32:08+0800] checkpointed index=12/124 durable_singles=12 candidate=case-elife-29854-figure10-panelo-c0ffa59eda7e status=rejected
[2026-07-22T08:32:21+0800] checkpointed index=13/124 durable_singles=13 candidate=case-elife-29854-figure10-panelp-f237cd5760ff status=rejected
[2026-07-22T08:32:33+0800] checkpointed index=14/124 durable_singles=14 candidate=case-elife-29854-figure10-panelq-a79e66827adb status=rejected
[2026-07-22T08:32:47+0800] checkpointed index=15/124 durable_singles=15 candidate=case-elife-29854-figure10-panelr-ddab17aeda0f status=rejected
[2026-07-22T08:33:01+0800] checkpointed index=16/124 durable_singles=16 candidate=case-elife-29854-figure10-panels-0b53e6ef7674 status=rejected
[2026-07-22T08:33:14+0800] checkpointed index=17/124 durable_singles=17 candidate=case-elife-29854-figure10-panelt-ea584ab6570d status=rejected
[2026-07-22T08:33:33+0800] checkpointed index=18/124 durable_singles=18 candidate=case-elife-38114-figure1-panelb-565cb25c6206 status=rejected
[2026-07-22T08:33:52+0800] checkpointed index=19/124 durable_singles=19 candidate=case-elife-38114-figure1-panelc-e3fe77563228 status=rejected
[2026-07-22T08:34:12+0800] checkpointed index=20/124 durable_singles=20 candidate=case-elife-38114-figure1-panele-bd0f7836ac45 status=rejected
[2026-07-22T08:34:33+0800] checkpointed index=21/124 durable_singles=21 candidate=case-elife-38114-figure1-panelf-1fb5f8e79c57 status=rejected
[2026-07-22T08:34:58+0800] checkpointed index=22/124 durable_singles=22 candidate=case-elife-38114-figure1-panelh-3505923f13dd status=rejected
[2026-07-22T08:35:15+0800] checkpointed index=23/124 durable_singles=23 candidate=case-elife-38114-figure1-paneli-6a08601e3336 status=rejected
[2026-07-22T08:35:29+0800] checkpointed index=24/124 durable_singles=24 candidate=case-elife-38114-figure1-panelk-dae7a40bb82f status=rejected
[2026-07-22T08:35:42+0800] checkpointed index=25/124 durable_singles=25 candidate=case-elife-38114-figure1-panell-f1d71c20bec5 status=rejected
[2026-07-22T08:35:59+0800] checkpointed index=26/124 durable_singles=26 candidate=case-elife-49574-figure1-panelf-bbfe7b898332 status=accepted
[2026-07-22T08:36:12+0800] checkpointed index=27/124 durable_singles=27 candidate=case-elife-49574-figure1-panelg-83da880b5947 status=accepted
[2026-07-22T08:36:25+0800] checkpointed index=28/124 durable_singles=28 candidate=case-elife-49574-figure1-panelh-a8da8fad4b5c status=accepted
[2026-07-22T08:36:38+0800] checkpointed index=29/124 durable_singles=29 candidate=case-elife-49574-figure1-paneli-60674caf480a status=accepted
[2026-07-22T08:36:54+0800] checkpointed index=30/124 durable_singles=30 candidate=case-elife-49574-figure1-panelj-0567a120d0db status=accepted
[2026-07-22T08:37:07+0800] checkpointed index=31/124 durable_singles=31 candidate=case-elife-49574-figure1-panelk-a0928a2c78f3 status=accepted
[2026-07-22T08:37:33+0800] checkpointed index=32/124 durable_singles=32 candidate=case-elife-50580-figure4-panelc-cceaa2de1021 status=rejected
[2026-07-22T08:37:44+0800] checkpointed index=33/124 durable_singles=33 candidate=case-elife-50580-figure4-paneld-9b844f818363 status=rejected
[2026-07-22T08:37:59+0800] checkpointed index=34/124 durable_singles=34 candidate=case-elife-50580-figure4-panele-f2aa2859a8de status=accepted
[2026-07-22T08:38:20+0800] checkpointed index=35/124 durable_singles=35 candidate=case-elife-50580-figure4-panelg-61acfe89159c status=rejected
[2026-07-22T08:38:34+0800] checkpointed index=36/124 durable_singles=36 candidate=case-elife-50580-figure4-panelh-b8aa5d9a888b status=rejected
[2026-07-22T08:38:50+0800] checkpointed index=37/124 durable_singles=37 candidate=case-elife-50580-figure4-paneli-f51e05737b3e status=accepted
[2026-07-22T08:39:04+0800] checkpointed index=38/124 durable_singles=38 candidate=case-elife-50580-figure4-panelk-b70f4acf873f status=rejected
[2026-07-22T08:39:20+0800] checkpointed index=39/124 durable_singles=39 candidate=case-elife-50580-figure4-panell-def79f004b06 status=rejected
[2026-07-22T08:39:35+0800] checkpointed index=40/124 durable_singles=40 candidate=case-elife-50580-figure4-panelm-764151b72896 status=accepted
[2026-07-22T08:39:51+0800] checkpointed index=41/124 durable_singles=41 candidate=case-elife-50580-figure4-paneln-5ee774a0246a status=accepted
[2026-07-22T08:40:10+0800] checkpointed index=42/124 durable_singles=42 candidate=case-elife-76541-figure3-panelg-374ac65c586a status=rejected
[2026-07-22T08:40:25+0800] checkpointed index=43/124 durable_singles=43 candidate=case-elife-76541-figure3-panelh-d4cc514d98ca status=rejected
[2026-07-22T08:40:43+0800] checkpointed index=44/124 durable_singles=44 candidate=case-elife-76541-figure3-paneli-e78d43bff6cd status=rejected
[2026-07-22T08:40:59+0800] checkpointed index=45/124 durable_singles=45 candidate=case-elife-76541-figure3-panelj-ff516c4ef786 status=rejected
[2026-07-22T08:41:12+0800] checkpointed index=46/124 durable_singles=46 candidate=case-elife-76541-figure3-panelo-e4ffade6ce13 status=rejected
[2026-07-22T08:41:29+0800] checkpointed index=47/124 durable_singles=47 candidate=case-elife-76541-figure3-panelp-f9cb9142ca05 status=accepted
[2026-07-22T08:41:53+0800] checkpointed index=48/124 durable_singles=48 candidate=case-s41467-023-36967-2-figure3-panelc-9058b83d26ed status=rejected
[2026-07-22T08:42:07+0800] checkpointed index=49/124 durable_singles=49 candidate=case-s41467-023-36967-2-figure3-paneld-fa40ba32ed94 status=rejected
[2026-07-22T08:42:23+0800] checkpointed index=50/124 durable_singles=50 candidate=case-s41467-023-36967-2-figure3-panele-711a5172fc8c status=rejected
[2026-07-22T08:42:40+0800] checkpointed index=51/124 durable_singles=51 candidate=case-s41467-023-36967-2-figure3-panelf-e971c16d866a status=rejected
[2026-07-22T08:42:57+0800] checkpointed index=52/124 durable_singles=52 candidate=case-s41467-023-36967-2-figure3-panelg-6811f020447b status=rejected
[2026-07-22T08:43:13+0800] checkpointed index=53/124 durable_singles=53 candidate=case-s41467-023-36967-2-figure3-panelh-796e496d5737 status=rejected
[2026-07-22T08:43:35+0800] checkpointed index=54/124 durable_singles=54 candidate=case-s41467-023-37432-w-figure2-panela-e3f550b2c503 status=rejected
[2026-07-22T08:43:53+0800] checkpointed index=55/124 durable_singles=55 candidate=case-s41467-023-37432-w-figure2-panele-f8a52beb6396 status=rejected
[2026-07-22T08:44:11+0800] checkpointed index=56/124 durable_singles=56 candidate=case-s41467-023-37432-w-figure2-panelf-e560dbbd3982 status=rejected
[2026-07-22T08:44:35+0800] checkpointed index=57/124 durable_singles=57 candidate=case-s41467-023-37432-w-figure2-panelg-b71d500b2e2f status=rejected
[2026-07-22T08:44:52+0800] checkpointed index=58/124 durable_singles=58 candidate=case-s41467-023-37432-w-figure2-panelh-433e092bfc2f status=rejected
[2026-07-22T08:45:36+0800] checkpointed index=59/124 durable_singles=59 candidate=case-s41467-023-38160-x-figure1-panela-123183d201d5 status=accepted
[2026-07-22T08:46:17+0800] checkpointed index=60/124 durable_singles=60 candidate=case-s41467-023-38160-x-figure1-panelb-fb2420cef4b4 status=rejected
[2026-07-22T08:47:00+0800] checkpointed index=61/124 durable_singles=61 candidate=case-s41467-023-38160-x-figure1-panelc-e6778fcb64f9 status=accepted
[2026-07-22T08:47:47+0800] checkpointed index=62/124 durable_singles=62 candidate=case-s41467-023-38160-x-figure1-paneld-485e077e11d8 status=accepted
[2026-07-22T08:48:40+0800] checkpointed index=63/124 durable_singles=63 candidate=case-s41467-023-38160-x-figure1-panele-cba8f6d81b17 status=rejected
[2026-07-22T08:49:19+0800] checkpointed index=64/124 durable_singles=64 candidate=case-s41467-023-38160-x-figure1-panelf-8f69d1ffd9ba status=rejected
[2026-07-22T08:50:05+0800] checkpointed index=65/124 durable_singles=65 candidate=case-s41467-023-38160-x-figure1-panelg-eab31c081bab status=rejected
[2026-07-22T08:50:56+0800] checkpointed index=66/124 durable_singles=66 candidate=case-s41467-023-38160-x-figure1-panelh-9ad2b0a6c65c status=rejected
[2026-07-22T08:51:47+0800] checkpointed index=67/124 durable_singles=67 candidate=case-s41467-023-38160-x-figure1-paneli-3df3c9817e3c status=accepted
[2026-07-22T08:52:29+0800] checkpointed index=68/124 durable_singles=68 candidate=case-s41467-023-38160-x-figure1-panelj-73181a5bc5f6 status=accepted
[2026-07-22T08:53:02+0800] checkpointed index=69/124 durable_singles=69 candidate=case-s44319-024-00227-1-figure10-panelb-5d7a0f9812ea status=accepted
[2026-07-22T08:53:21+0800] checkpointed index=70/124 durable_singles=70 candidate=case-s44319-024-00227-1-figure10-panelc-a8a89e7263ad status=rejected
[2026-07-22T08:53:32+0800] checkpointed index=71/124 durable_singles=71 candidate=case-s44319-024-00227-1-figure10-paneld-0129a2b1dfdd status=rejected
[2026-07-22T08:53:48+0800] checkpointed index=72/124 durable_singles=72 candidate=case-s44319-024-00227-1-figure10-panele-41337d9e540c status=rejected
[2026-07-22T08:54:05+0800] checkpointed index=73/124 durable_singles=73 candidate=case-s44319-024-00227-1-figure10-panelg-13f694dbcdc2 status=accepted
[2026-07-22T08:54:27+0800] checkpointed index=74/124 durable_singles=74 candidate=case-s44319-024-00227-1-figure10-panelh-9a01fd4cace0 status=rejected
[2026-07-22T08:54:45+0800] checkpointed index=75/124 durable_singles=75 candidate=case-s44319-024-00227-1-figure10-paneli-e5def79424ab status=rejected
[2026-07-22T08:55:03+0800] checkpointed index=76/124 durable_singles=76 candidate=case-s44319-024-00227-1-figure10-panelj-565d48454c93 status=rejected
[2026-07-22T08:55:27+0800] checkpointed index=77/124 durable_singles=77 candidate=case-s44319-025-00373-0-figure3-paneld-919d2b59cd3d status=rejected
[2026-07-22T08:55:39+0800] checkpointed index=78/124 durable_singles=78 candidate=case-s44319-025-00373-0-figure3-panele-77dc3ec65c14 status=accepted
[2026-07-22T08:55:55+0800] checkpointed index=79/124 durable_singles=79 candidate=case-s44319-025-00373-0-figure3-paneli-0d0d6f7cff05 status=accepted
[2026-07-22T08:56:08+0800] checkpointed index=80/124 durable_singles=80 candidate=case-s44319-025-00373-0-figure3-panelj-4af0e6259e59 status=accepted
[2026-07-22T08:56:23+0800] checkpointed index=81/124 durable_singles=81 candidate=case-s44319-025-00373-0-figure3-panelm-207ae2b1fcfc status=accepted
[2026-07-22T08:56:37+0800] checkpointed index=82/124 durable_singles=82 candidate=case-s44319-025-00373-0-figure3-paneln-4e411cc81f48 status=accepted
[2026-07-22T08:57:02+0800] checkpointed index=83/124 durable_singles=83 candidate=case-s44319-025-00484-8-figure1-panelb-raw-data-polar-lateral-dcea90423719 status=accepted
[2026-07-22T08:57:18+0800] checkpointed index=84/124 durable_singles=84 candidate=case-s44319-025-00484-8-figure1-panelc-raw-data-polar-cytoplasm-939a2f6fd136 status=accepted
[2026-07-22T08:57:35+0800] checkpointed index=85/124 durable_singles=85 candidate=case-s44319-025-00484-8-figure1-paneld-raw-data-lateral-cytoplasm-17d6bdc757a4 status=accepted
[2026-07-22T08:57:48+0800] checkpointed index=86/124 durable_singles=86 candidate=case-s44319-025-00484-8-figure1-panelh-raw-data-hct116-mitotic-spindle-angles-1fb136b77ee2 status=accepted
[2026-07-22T08:58:08+0800] checkpointed index=87/124 durable_singles=87 candidate=case-s44319-025-00484-8-figure1-panelj-raw-data-hct116-mitotic-spindle-angles-of-transfected-cells-ce4d91d198fb status=accepted
[2026-07-22T08:58:21+0800] checkpointed index=88/124 durable_singles=88 candidate=case-s44319-025-00484-8-figure1-panell-raw-data-rpe-mitotic-spindle-angles-76b565605ba5 status=accepted
[2026-07-22T08:58:41+0800] checkpointed index=89/124 durable_singles=89 candidate=case-s44319-025-00503-8-figure4-panelb-54ac56142da5 status=rejected
[2026-07-22T08:58:56+0800] checkpointed index=90/124 durable_singles=90 candidate=case-s44319-025-00503-8-figure4-panelc-597e16685e73 status=rejected
[2026-07-22T08:59:13+0800] checkpointed index=91/124 durable_singles=91 candidate=case-s44319-025-00503-8-figure4-paneld-58b864c04cd7 status=accepted
[2026-07-22T08:59:27+0800] checkpointed index=92/124 durable_singles=92 candidate=case-s44319-025-00503-8-figure4-panele-c60bb36c58f4 status=accepted
[2026-07-22T08:59:42+0800] checkpointed index=93/124 durable_singles=93 candidate=case-s44319-025-00503-8-figure4-panelf-816f425b15c8 status=accepted
[2026-07-22T08:59:57+0800] checkpointed index=94/124 durable_singles=94 candidate=case-s44319-025-00503-8-figure4-panelg-6c88f876a810 status=accepted
[2026-07-22T09:00:09+0800] checkpointed index=95/124 durable_singles=95 candidate=case-s44319-025-00503-8-figure4-panelh-db6d56977be6 status=accepted
[2026-07-22T09:00:23+0800] checkpointed index=96/124 durable_singles=96 candidate=case-s44319-025-00503-8-figure4-paneli-734cb1412091 status=accepted
[2026-07-22T09:00:36+0800] checkpointed index=97/124 durable_singles=97 candidate=case-s44319-025-00503-8-figure4-panelj-c8af96f9609f status=accepted
[2026-07-22T09:00:51+0800] checkpointed index=98/124 durable_singles=98 candidate=case-s44319-025-00503-8-figure4-panelk-1191c18c4044 status=accepted
[2026-07-22T09:01:05+0800] checkpointed index=99/124 durable_singles=99 candidate=case-s44319-025-00503-8-figure4-panell-baebfe6ea02d status=accepted
[2026-07-22T09:01:19+0800] checkpointed index=100/124 durable_singles=100 candidate=case-s44319-025-00503-8-figure4-panelm-50ff283128a7 status=accepted
[2026-07-22T09:01:33+0800] checkpointed index=101/124 durable_singles=101 candidate=case-s44319-025-00503-8-figure4-paneln-e747c102e3de status=accepted
[2026-07-22T09:01:47+0800] checkpointed index=102/124 durable_singles=102 candidate=case-s44321-025-00216-4-figure1-panelc-5f7696eda1b2 status=accepted
[2026-07-22T09:01:59+0800] checkpointed index=103/124 durable_singles=103 candidate=case-s44321-025-00216-4-figure1-paneld-b96a56ee4d80 status=accepted
[2026-07-22T09:02:13+0800] checkpointed index=104/124 durable_singles=104 candidate=case-s44321-025-00216-4-figure1-panele-1cf9a9257bdb status=accepted
[2026-07-22T09:02:26+0800] checkpointed index=105/124 durable_singles=105 candidate=case-s44321-025-00216-4-figure1-panelf-0160597630ed status=accepted
[2026-07-22T09:02:40+0800] checkpointed index=106/124 durable_singles=106 candidate=case-s44321-025-00216-4-figure1-panelg-98bb6118fa93 status=accepted
[2026-07-22T09:02:51+0800] checkpointed index=107/124 durable_singles=107 candidate=case-s44321-025-00216-4-figure1-panelh-076dccc118d4 status=accepted
[2026-07-22T09:03:03+0800] checkpointed index=108/124 durable_singles=108 candidate=case-s44321-025-00216-4-figure1-paneli-4fb6da5c648a status=accepted
[2026-07-22T09:03:20+0800] checkpointed index=109/124 durable_singles=109 candidate=case-s44321-025-00216-4-figure1-panelj-fa4df563cac1 status=accepted
[2026-07-22T09:03:36+0800] checkpointed index=110/124 durable_singles=110 candidate=case-s44321-025-00233-3-figure3-panela-1d7e3f7c44cc status=accepted
[2026-07-22T09:03:57+0800] checkpointed index=111/124 durable_singles=111 candidate=case-s44321-025-00233-3-figure3-panelb-b4c46a75a37f status=rejected
[2026-07-22T09:04:13+0800] checkpointed index=112/124 durable_singles=112 candidate=case-s44321-025-00233-3-figure3-panelc-b6bbe60ff809 status=rejected
[2026-07-22T09:04:27+0800] checkpointed index=113/124 durable_singles=113 candidate=case-s44321-025-00233-3-figure3-paneld-9ec2759f73cc status=accepted
[2026-07-22T09:04:42+0800] checkpointed index=114/124 durable_singles=114 candidate=case-s44321-025-00233-3-figure3-panele-3633d26e81da status=rejected
[2026-07-22T09:04:58+0800] checkpointed index=115/124 durable_singles=115 candidate=case-s44321-025-00233-3-figure3-panelf-5b615a7b81e1 status=rejected
[2026-07-22T09:05:12+0800] checkpointed index=116/124 durable_singles=116 candidate=case-s44321-025-00233-3-figure3-panelg-043283cae102 status=accepted
[2026-07-22T09:05:24+0800] checkpointed index=117/124 durable_singles=117 candidate=case-s44321-025-00233-3-figure3-panelh-639e9f8f4bf8 status=rejected
[2026-07-22T09:05:40+0800] checkpointed index=118/124 durable_singles=118 candidate=case-s44321-025-00233-3-figure3-paneli-3ff348e83f54 status=rejected
[2026-07-22T09:05:52+0800] checkpointed index=119/124 durable_singles=119 candidate=case-s44321-025-00233-3-figure3-panelj-e418f4bb953a status=accepted
[2026-07-22T09:06:07+0800] checkpointed index=120/124 durable_singles=120 candidate=case-s44321-025-00233-3-figure3-panelk-c8f61200fa25 status=rejected
[2026-07-22T09:06:22+0800] checkpointed index=121/124 durable_singles=121 candidate=case-s44321-025-00233-3-figure3-panell-df56ed136692 status=rejected
[2026-07-22T09:06:35+0800] checkpointed index=122/124 durable_singles=122 candidate=case-s44321-025-00233-3-figure3-panelm-f90072cb5549 status=accepted
[2026-07-22T09:06:52+0800] checkpointed index=123/124 durable_singles=123 candidate=case-s44321-025-00233-3-figure3-paneln-cb57a0d5049a status=rejected
[2026-07-22T09:07:09+0800] checkpointed index=124/124 durable_singles=124 candidate=case-s44321-025-00233-3-figure3-panelo-a586198f70db status=rejected
[2026-07-22T09:07:09+0800] checkpoint-complete durable_singles=124
